0	NOP	=	0x0	0x0
	SWE	=	0x0	0x1
	CALL Rs	=	0x0	0x2
	CALLF Rs	=	0x0	0x3
	RET	=	0x0	0x4
	RETF	=	0x0	0x5
	RFE	=	0x0	0x6
10	JMP Rs	=	0x0	0x7
			0x0	0x8
			0x0	0x9
			0x0	0xa
			0x0	0xb
			0x0	0xc
			0x0	0xd
			0x0	0xe
			0x0	0xf
9	JZ	=	0x1	0x0
	JNZ	=	0x1	0x1
	JN	=	0x1	0x2
	JNN	=	0x1	0x3
	JP	=	0x1	0x4
	JNP	=	0x1	0x5
	JC	=	0x1	0x6
	JNC	=	0x1	0x7
	JV	=	0x1	0x8
	JNV	=	0x1	0x9
	JA	=	0x1	0xa
	JBE	=	0x1	0xb
	JLT	=	0x1	0xc
	JLE	=	0x1	0xd
	JGT	=	0x1	0xe
	JGE	=	0x1	0xf
	JMP	=	0x2	0x0
	""""	=	0x2	0x1
	""""	=	0x2	0x2
	""""	=	0x2	0x3
	""""	=	0x2	0x4
	""""	=	0x2	0x5
	""""	=	0x2	0x6
	""""	=	0x2	0x7
	""""	=	0x2	0x8
	""""	=	0x2	0x9
	""""	=	0x2	0xa
	""""	=	0x2	0xb
	""""	=	0x2	0xc
	""""	=	0x2	0xd
	""""	=	0x2	0xe
	""""	=	0x2	0xf
11	CALL	=	0x3	0x0
	""""	=	0x3	0x1
	""""	=	0x3	0x2
	""""	=	0x3	0x3
	""""	=	0x3	0x4
	""""	=	0x3	0x5
	""""	=	0x3	0x6
	""""	=	0x3	0x7
	""""	=	0x3	0x8
	""""	=	0x3	0x9
	""""	=	0x3	0xa
	""""	=	0x3	0xb
	""""	=	0x3	0xc
	""""	=	0x3	0xd
	""""	=	0x3	0xe
	""""	=	0x3	0xf
	CALLF	=	0x4	0x0
	""""	=	0x4	0x1
	""""	=	0x4	0x2
	""""	=	0x4	0x3
	""""	=	0x4	0x4
	""""	=	0x4	0x5
	""""	=	0x4	0x6
	""""	=	0x4	0x7
	""""	=	0x4	0x8
	""""	=	0x4	0x9
	""""	=	0x4	0xa
	""""	=	0x4	0xb
	""""	=	0x4	0xc
	""""	=	0x4	0xd
	""""	=	0x4	0xe
	""""	=	0x4	0xf
1	ADD	=	0x5	0x0
2	ADDI	=	0x5	0x1
	ADDC	=	0x5	0x2
	SUB	=	0x5	0x3
	SUB k	=	0x5	0x4
	SUBB	=	0x5	0x5
	CMP	=	0x5	0x6
	CMP k	=	0x5	0x7
	MUL	=	0x5	0x8
	DIV	=	0x5	0x9
	MOD	=	0x5	0xa
	NEG	=	0x5	0xb
	SHRA	=	0x5	0xc
	SHLA	=	0x5	0xd
			0x5	0xe
			0x5	0xf
	AND	=	0x6	0x0
	OR	=	0x6	0x1
	NOT	=	0x6	0x2
	XOR	=	0x6	0x3
	TEST	=	0x6	0x4
	BIT	=	0x6	0x5
	SET	=	0x6	0x6
	CLR	=	0x6	0x7
	CPL	=	0x6	0x8
3	SHR	=	0x6	0x9
	SHL	=	0x6	0xa
			0x6	0xb
	ROR	=	0x6	0xc
	ROL	=	0x6	0xd
	RORC	=	0x6	0xe
	ROLC	=	0x6	0xf
	MOV Rd, [Rs+off]	=	0x7	0x0
	""""	=	0x7	0x1
	""""	=	0x7	0x2
	""""	=	0x7	0x3
	""""	=	0x7	0x4
	""""	=	0x7	0x5
	""""	=	0x7	0x6
	""""	=	0x7	0x7
	""""	=	0x7	0x8
	""""	=	0x7	0x9
	""""	=	0x7	0xa
	""""	=	0x7	0xb
	""""	=	0x7	0xc
	""""	=	0x7	0xd
	""""	=	0x7	0xe
	""""	=	0x7	0xf
5	MOV Rd, [Rs+Ri]	=	0x8	0x0
5	""""	=	0x8	0x1
5	""""	=	0x8	0x2
5	""""	=	0x8	0x3
5	""""	=	0x8	0x4
5	""""	=	0x8	0x5
5	""""	=	0x8	0x6
5	""""	=	0x8	0x7
5	""""	=	0x8	0x8
5	""""	=	0x8	0x9
5	""""	=	0x8	0xa
5	""""	=	0x8	0xb
5	""""	=	0x8	0xc
5	""""	=	0x8	0xd
5	""""	=	0x8	0xe
5	""""	=	0x8	0xf
	MOV [Rd+off], Rs	=	0x9	0x0
	""""	=	0x9	0x1
	""""	=	0x9	0x2
	""""	=	0x9	0x3
	""""	=	0x9	0x4
	""""	=	0x9	0x5
	""""	=	0x9	0x6
	""""	=	0x9	0x7
	""""	=	0x9	0x8
	""""	=	0x9	0x9
	""""	=	0x9	0xa
	""""	=	0x9	0xb
	""""	=	0x9	0xc
	""""	=	0x9	0xd
	""""	=	0x9	0xe
	""""	=	0x9	0xf
7	MOV [Rd+Ri], Rs	=	0xa	0x0
7	""""	=	0xa	0x1
7	""""	=	0xa	0x2
7	""""	=	0xa	0x3
7	""""	=	0xa	0x4
7	""""	=	0xa	0x5
7	""""	=	0xa	0x6
7	""""	=	0xa	0x7
7	""""	=	0xa	0x8
7	""""	=	0xa	0x9
7	""""	=	0xa	0xa
7	""""	=	0xa	0xb
7	""""	=	0xa	0xc
7	""""	=	0xa	0xd
7	""""	=	0xa	0xe
7	""""	=	0xa	0xf
	MOVB Rd, [Rs]	=	0xb	0x0
	MOVB [Rs], Rs	=	0xb	0x1
	MOVBS Rd, [Rs]	=	0xb	0x2
	MOV Rd,Rs	=	0xb	0x3
	MOV Ad,Rs	=	0xb	0x4
	MOV Rd,As	=	0xb	0x5
	MOV Rd,USP	=	0xb	0x6
	MOV USP,Rs	=	0xb	0x7
	SWAP Rd,Rs	=	0xb	0x8
	SWAP Rd,[Rs]	=	0xb	0x9
	PUSH Rs	=	0xb	0xa
	POP Rd	=	0xb	0xb
	PUSHC	=	0xb	0xc
	POPC	=	0xb	0xd
			0xb	0xe
			0xb	0xf
4	MOVL	=	0xc	0x0
4	""""	=	0xc	0x1
4	""""	=	0xc	0x2
4	""""	=	0xc	0x3
4	""""	=	0xc	0x4
4	""""	=	0xc	0x5
4	""""	=	0xc	0x6
4	""""	=	0xc	0x7
4	""""	=	0xc	0x8
4	""""	=	0xc	0x9
4	""""	=	0xc	0xa
4	""""	=	0xc	0xb
4	""""	=	0xc	0xc
4	""""	=	0xc	0xd
4	""""	=	0xc	0xe
4	""""	=	0xc	0xf
	MOVH	=	0xd	0x0
	""""	=	0xd	0x1
	""""	=	0xd	0x2
	""""	=	0xd	0x3
	""""	=	0xd	0x4
	""""	=	0xd	0x5
	""""	=	0xd	0x6
	""""	=	0xd	0x7
	""""	=	0xd	0x8
	""""	=	0xd	0x9
	""""	=	0xd	0xa
	""""	=	0xd	0xb
	""""	=	0xd	0xc
	""""	=	0xd	0xd
	""""	=	0xd	0xe
	""""	=	0xd	0xf






































1d	ADD	=		"0x0;"
1f	ADDI	=		"0x1;"
1e	ADDC	=		"0x2;"
20	SUB	=		"0x3;"
22	SUBI	=		"0x4;"
21	SUBB	=		"0x5;"
23	CMP	=		"0x6;"
24	CMPI	=		"0x7;"
25	MUL	=		"0x8;"
26	DIV	=		"0x9;"
27	MOD	=		"0xa;"
28	NEG	=		"0xb;"
29	SHRA	=		"0xc;"
2a	SHLA	=		"0xd;"
8E	NOP			
8E	NOP			
2b	AND	=		"0x0;"
2c	OR	=		"0x1;"
2d	NOT	=		"0x2;"
2e	XOR	=		"0x3;"
2f	TEST	=		"0x4;"
30	BIT	=		"0x5;"
31	SETBIT	=		"0x6;"
32	CLRBIT	=		"0x7;"
33	CPLBIT	=		"0x8;"
34	SHR	=		"0x9;"
35	SHL	=		"0xa;"
88				
36	ROR	=		"0xc;"
37	ROL	=		"0xd;"
38	RORC	=		"0xe;"
39	ROLC	=		"0xf;"
3a	LDO	=		"0x2;"
3a				
3a				
3a				
3a				
3a				
3a				
3a				
3a				
3a				
3a				
3a				
3a				
3a				
3a				
3a				
3c	LDR	=		"0x3;"
3c				
3c				
3c				
3c				
3c				
3c				
3c				
3c				
3c				
3c				
3c				
3c				
3c				
3c				
3c				
3e	STO	=		"0x4;"
3e				
3e				
3e				
3e				
3e				
3e				
3e				
3e				
3e				
3e				
3e				
3e				
3e				
3e				
3e				
40	STR	=		"0x5;"
40				
40				
40				
40				
40				
40				
40				
40				
40				
40				
40				
40				
40				
40				
40				
42	LDB	=		"0x0;"
44	STB	=		"0x1;"
46	LDP	=		"0x2;"
48	STP	=		"0x3;"
4c	MOVRR	=		"0x4;"
4d	MOVAR	=		"0x5;"
4e	MOVRA	=		"0x6;"
4f	MOVRU	=		"0x7;"
50	MOVUR	=		"0x8;"
51	SWAPR	=		"0x9;"
54	SWAPM	=		"0xa;"
58	PUSH	=		"0xb;"
5b	POP	=		"0xc;"
8E	NOP			
8E	NOP			
8E	NOP			
4a	MOVL	=		"0x7;"
4a				
4a				
4a				
4a				
4a				
4a				
4a				
4a				
4a				
4a				
4a				
4a				
4a				
4a				
4a				
4b	MOVH	=		"0x8;"
4b				
4b				
4b				
4b				
4b				
4b				
4b				
4b				
4b				
4b				
4b				
4b				
4b				
4b				
4b				
5e	JZ	=		"0x0;"
5f	JNZ	=		"0x1;"
60	JN	=		"0x2;"
61	JNN	=		"0x3;"
66	JP	=		"0x4;"
67	JNP	=		"0x5;"
62	JC	=		"0x6;"
63	JNC	=		"0x7;"
64	JV	=		"0x8;"
65	JNV	=		"0x9;"
68	JA	=		"0xa;"
69	JNA	=		"0xb;"
6a	JLT	=		"0xc;"
6b	JLE	=		"0xd;"
6c	JGT	=		"0xe;"
6d	JGE	=		"0xf;"
6e	JMP	=		"0xa;"
6e				
6e				
6e				
6e				
6e				
6e				
6e				
6e				
6e				
6e				
6e				
6e				
6e				
6e				
6e				
6f	JMPR	=		"0x0;"
74	CR	=		"0x1;"
7a	CRF	=		"0x2;"
7c	RET	=		"0x3;"
7f	RETF	=		"0x4;"
80	SWE	=		"0x5;"
88	RFE	=		"0x6;"
8E	NOP	=		"0x7;"
8E	NOP			
8E	NOP			
8E	NOP			
8E	NOP			
8E	NOP			
8E	NOP			
8E	NOP			
8E	NOP			
70	CALL	=		"0xc;"
70				
70				
70				
70				
70				
70				
70				
70				
70				
70				
70				
70				
70				
70				
70				
78	CALLF	=		"0xd;"
78				
78				
78				
78				
78				
78				
78				
78				
78				
78	
78	
78	
78	
78	
78	
8E	NOP
8E	NOP
8E	NOP
8E	NOP
8E	NOP
8E	NOP
8E	NOP
8E	NOP
8E	NOP
8E	NOP
8E	NOP
8E	NOP
8E	NOP
8E	NOP
8E	NOP
8E	NOP
8E	NOP
8E	NOP
8E	NOP
8E	NOP
8E	NOP
8E	NOP
8E	NOP
8E	NOP
8E	NOP
8E	NOP
8E	NOP
8E	NOP
8E	NOP
8E	NOP
8E	NOP
8E	NOP
